// Jest Snapshot v1, https://goo.gl/fbAQLP

exports[`AiAmmFactory #createPool gas 1`] = `4557092`;

exports[`AiAmmFactory factory bytecode size 1`] = `24535`;

exports[`AiAmmFactory pool bytecode size 1`] = `22142`;
